// Bun Snapshot v1, https://bun.sh/docs/test/snapshots

exports[`render header section 1`] = `
"<header>
  <div class="float-right text-xs">
    Créé le
    <time
      datetime="2023-01-01T00:00:00.000Z"
      title="Sun Jan 01 2023 01:00:00 GMT+0100 (Central European Standard Time)"
      >01/01/2023 01:00:00
    </time>
  </div>
  <section class="flex items-baseline space-x-5">
    <h1 class="text-2xl font-bold">🕵️ Adora Pony</h1>
    <div>
      <p
        class="inline-flex min-h-6 w-fit items-center gap-1 rounded-sm px-2 py-1 text-xs leading-4 font-bold uppercase text-label-success bg-alt-green-emeraude [&amp;&gt;svg:first-child]:-ml-0.5"
      >
        <svg
          viewBox="0 0 24 24"
          fill="currentColor"
          width="1em"
          height="1em"
          aria-hidden="true"
        >
          <path class="icon-check"></path></svg
        >Accepté
      </p>
    </div>
  </section>
  <div class="relative py-4 bg-blue-ecume text-label-info">
    <div class="px-4">
      <div class="relative flex flex-row items-start justify-between">
        <div class="relative mr-1 font-bold">
          <p class="mb-0">
            <b>Adora Pony</b>
            <span class="text-gray-600">veut rejoindre l&#39;organisation</span>
            « <b>🦄 libelle</b> »
            <span class="text-gray-600">avec l’adresse</span>
            <b>adora.pony@unicorn.xyz</b>
          </p>
        </div>
      </div>
    </div>
  </div>
  <hr class="border-none py-3" />
  <details>
    <summary>Commentaires</summary>
    <ul class="ml-4"></ul>
  </details>
  <hr class="border-none py-3" />
  <div
    hx-get="/moderations/42/duplicate_warning?organization_id=43&amp;user_id=44"
    hx-trigger="load"
  >
    Demande multiples ?
  </div>
</header>
"
`;
