// Bun Snapshot v1, https://bun.sh/docs/test/snapshots

exports[`Application for affiliation with the ‘Institut Français’ Foundation 1`] = `
"Bonjour,

Nous avons bien reçu votre demande de rattachement à l&#39;organisation « 🦄 » sur ProConnect.

Votre adresse mail associée au nom de domaine d’un institut français « 🦒 » ne vous permet pas de rattacher votre compte ProConnect à l&#39;organisation « 🦄 ».

Veuillez créer à nouveau votre compte ProConnect en le rattachant à l&#39;organisation suivante :

- INSTITUT FRANCAIS
- SIRET : 52971592200041.

Bien cordialement,

L’équipe ProConnect.
"
`;
