// Bun Snapshot v1, https://bun.sh/docs/test/snapshots

exports[`Request for clarification regarding the use of the account  1`] = `
"Bonjour,

Nous avons bien reçu votre demande de rattachement à l&#39;organisation « 🦄 » sur ProConnect.

Afin de donner suite à cette demande, nous avons besoin d&#39;éléments complémentaires.
Pourriez-vous nous préciser :

Pour quelle raison demandez-vous la création d&#39;un compte ProConnect ?

À quel service souhaitez-vous accéder avec ce compte ?

Dans l’attente de votre retour.
Bien cordialement,
L’équipe ProConnect.
"
`;
