// Bun Snapshot v1, https://bun.sh/docs/test/snapshots

exports[`render inactive warning 1`] = `
"<!DOCTYPE html>
"
`;

exports[`render nothing 1`] = `
"<!DOCTYPE html>
<section>
  <div class="p-4 mb-4 text-sm bg-[#ffe9e6] text-[#b34000]">
    <h3 class="font-bold mb-1">
      Attention : cette organisation a cessé son activité.
    </h3>
  </div>
</section>
"
`;
