// Bun Snapshot v1, https://bun.sh/docs/test/snapshots

exports[`render inactive warning 1`] = `
"<!DOCTYPE html>
"
`;

exports[`render nothing 1`] = `
"<!DOCTYPE html>
<section>
  <div class="mb-4 p-4 text-sm bg-alt-orange-terre-battue text-label-warning">
    <h3 class="mb-1 font-bold">
      Attention : cette organisation a cessé son activité.
    </h3>
  </div>
</section>
"
`;
