// Bun Snapshot v1, https://bun.sh/docs/test/snapshots

exports[`render investigation section 1`] = `
"<!DOCTYPE html>
<ul class="mt-5 w-full list-none bg-[#F6F6F6] p-3 [&amp;_li]:inline-block">
  <li>
    <a
      href="https://lannuaire.service-public.fr/recherche?where=75015&amp;whoWhat=Mairie"
      class="inline-flex items-center w-fit font-medium hover:bg-blue-france-hover text-sm leading-6 min-h-8 px-3 py-1 text-blue-france shadow-[inset_0_0_0_1px_var(--color-grey-200)] hover:bg-grey-50! mr-2 bg-white"
      rel="noopener noreferrer"
      target="_blank"
      >Chercher la mairie associée</a
    >
  </li>
  <li>
    <a
      href="https://lannuaire.service-public.fr/recherche?whoWhat=&amp;where=75015"
      class="inline-flex items-center w-fit font-medium hover:bg-blue-france-hover text-sm leading-6 min-h-8 px-3 py-1 text-blue-france shadow-[inset_0_0_0_1px_var(--color-grey-200)] hover:bg-grey-50! mr-2 bg-white"
      rel="noopener noreferrer"
      target="_blank"
      >Chercher les services publics associés</a
    >
  </li>
  <li>
    <a
      href="https://www.banatic.interieur.gouv.fr/intercommunalite/200099711"
      class="inline-flex items-center w-fit font-medium hover:bg-blue-france-hover text-sm leading-6 min-h-8 px-3 py-1 text-blue-france shadow-[inset_0_0_0_1px_var(--color-grey-200)] hover:bg-grey-50! mr-2 bg-white"
      rel="noopener noreferrer"
      target="_blank"
      >Chercher via Banatic</a
    >
  </li>
  <li>
    <a
      class=""
      hx-get="/organizations/leaders?siret=12345678901234"
      hx-trigger="load"
      ><i class="text-center">Recherche des dirigeants...</i></a
    >
  </li>
</ul>
"
`;
